<?xml version="1.0" encoding="utf-8"?><testsuites name="pytest tests"><testsuite name="pytest" errors="0" failures="0" skipped="0" tests="4" time="0.322" timestamp="2026-09-10T12:33:25.514448+03:00" hostname="Mac"><testcase classname="test_main" name="test_read_root" time="0.002" /><testcase classname="test_main" name="test_health_check" time="0.001" /><testcase classname="test_main" name="test_sum_res" time="0.001" /><testcase classname="test_main" name="test_div_res" time="0.001" /></testsuite></testsuites>